6
0

30
Hello,*this*is*the*first*line.
6
This*X
19
is*the*second*line.
6
This*X
23
Here*is*the*third*line.
